2026-05-04 14:49:34 - Action: create - POST: {"action":"create","id_funcionario":"4","id":"","data_inicio":"2026-05-05","data_fim":"2026-05-15","observacao":"dispen\u00e7a junta medica","tipo_afastamento":"saude","motivo_especifico":"","anexo_atual":"","anexos_removidos":"[]"} - FILES: []
2026-05-07 10:40:08 - Action: create - POST: {"action":"create","id_funcionario":"861","id":"","data_inicio":"2026-05-06","data_fim":"2026-05-06","observacao":"atestado medico","tipo_afastamento":"saude","motivo_especifico":"","anexo_atual":"","anexos_removidos":"[]"} - FILES: []
2026-05-20 10:07:29 - Action: create - POST: {"action":"create","id_funcionario":"4","id":"","data_inicio":"2026-05-21","data_fim":"2026-05-31","observacao":"teste de sistema","tipo_afastamento":"ferias","motivo_especifico":"","anexo_atual":"","anexos_removidos":"[]"} - FILES: []
2026-05-20 10:09:29 - Action: update - POST: {"action":"update","id_funcionario":"4","id":"103","data_inicio":"2026-05-21","data_fim":"2026-05-31","observacao":"teste de sistema","tipo_afastamento":"ferias","motivo_especifico":"","anexo_atual":"","anexos_removidos":"[]"} - FILES: []
2026-05-20 10:24:51 - Action: create - POST: {"action":"create","id_funcionario":"4","id":"","data_inicio":"2026-05-21","data_fim":"2026-05-31","observacao":"","tipo_afastamento":"ferias","motivo_especifico":"","anexo_atual":"","anexos_removidos":"[]"} - FILES: []
2026-05-20 10:39:34 - Action: create - POST: {"action":"create","id_funcionario":"4","id":"","data_inicio":"2026-05-21","data_fim":"2026-05-31","observacao":"","tipo_afastamento":"ferias","motivo_especifico":"","anexo_atual":"","anexos_removidos":"[]"} - FILES: []
2026-05-20 10:47:28 - Action: create - POST: {"action":"create","id_funcionario":"4","id":"","data_inicio":"2026-05-01","data_fim":"2026-05-15","observacao":"","tipo_afastamento":"ferias","motivo_especifico":"","anexo_atual":"","anexos_removidos":"[]"} - FILES: []
2026-05-20 10:49:18 - Action: create - POST: {"action":"create","id_funcionario":"4","id":"","data_inicio":"2026-05-01","data_fim":"2026-05-15","observacao":"","tipo_afastamento":"ferias","motivo_especifico":"","anexo_atual":"","anexos_removidos":"[]"} - FILES: []
2026-05-20 10:57:03 - Action: create - POST: {"action":"create","id_funcionario":"4","id":"","data_inicio":"2026-05-01","data_fim":"2026-05-15","observacao":"","tipo_afastamento":"ferias","motivo_especifico":"","periodo_aquisitivo":"2024\/2025","anexo_atual":"","anexos_removidos":"[]"} - FILES: []
2026-05-20 13:54:40 - Action: create - POST: {"action":"create","id_funcionario":"4","id":"","data_inicio":"2026-05-01","data_fim":"2026-05-15","observacao":"","tipo_afastamento":"ferias","motivo_especifico":"","periodo_aquisitivo":"2024\/2025","gestor_solicitante":"suporte","gestor_setor":"","anexo_atual":"","anexos_removidos":"[]"} - FILES: []
2026-05-21 14:10:31 - Action: create - POST: {"action":"create","id_funcionario":"680","id":"","data_inicio":"2025-04-22","data_fim":"2025-05-01","observacao":"","tipo_afastamento":"ferias","motivo_especifico":"","periodo_aquisitivo":"2024\/2025","gestor_solicitante":"RAFAEL.COELHO","gestor_setor":"CRH","anexo_atual":"","anexos_removidos":"[]"} - FILES: []
2026-05-21 14:11:23 - Action: create - POST: {"action":"create","id_funcionario":"680","id":"","data_inicio":"2025-08-06","data_fim":"2025-08-15","observacao":"","tipo_afastamento":"ferias","motivo_especifico":"","periodo_aquisitivo":"2024\/2025","gestor_solicitante":"RAFAEL.COELHO","gestor_setor":"CRH","anexo_atual":"","anexos_removidos":"[]"} - FILES: []
2026-05-21 14:12:00 - Action: create - POST: {"action":"create","id_funcionario":"680","id":"","data_inicio":"2026-02-04","data_fim":"2026-02-13","observacao":"","tipo_afastamento":"ferias","motivo_especifico":"","periodo_aquisitivo":"2024\/2025","gestor_solicitante":"RAFAEL.COELHO","gestor_setor":"CRH","anexo_atual":"","anexos_removidos":"[]"} - FILES: []
2026-05-21 14:43:37 - Action: create - POST: {"action":"create","id_funcionario":"680","id":"","data_inicio":"2025-08-04","data_fim":"2025-08-04","observacao":"","tipo_afastamento":"folga eleitoral","motivo_especifico":"","periodo_aquisitivo":"Elei\u00e7\u00f5es 2024 - 1\u00ba Turno","gestor_solicitante":"RAFAEL.COELHO","gestor_setor":"CRH","anexo_atual":"","anexos_removidos":"[]"} - FILES: []
2026-05-21 14:44:02 - Action: create - POST: {"action":"create","id_funcionario":"680","id":"","data_inicio":"2025-05-02","data_fim":"2025-05-02","observacao":"","tipo_afastamento":"folga eleitoral","motivo_especifico":"","periodo_aquisitivo":"Elei\u00e7\u00f5es 2024 - 1\u00ba Turno","gestor_solicitante":"RAFAEL.COELHO","gestor_setor":"CRH","anexo_atual":"","anexos_removidos":"[]"} - FILES: []
2026-05-21 14:57:15 - Action: update - POST: {"action":"update","id_funcionario":"658","id":"112","data_inicio":"2025-09-08","data_fim":"2025-09-22","observacao":"","tipo_afastamento":"ferias","motivo_especifico":"","periodo_aquisitivo":"2024\/2025","anexo_atual":"","anexos_removidos":"[]"} - FILES: []
2026-05-21 14:58:41 - Action: create - POST: {"action":"create","id_funcionario":"658","id":"","data_inicio":"2025-09-08","data_fim":"2025-09-22","observacao":"","tipo_afastamento":"ferias","motivo_especifico":"","periodo_aquisitivo":"2024\/2025","gestor_solicitante":"RAFAEL.COELHO","gestor_setor":"CRH","anexo_atual":"","anexos_removidos":"[]"} - FILES: []
2026-05-21 14:59:00 - Action: create - POST: {"action":"create","id_funcionario":"658","id":"","data_inicio":"2026-03-16","data_fim":"2026-03-30","observacao":"","tipo_afastamento":"ferias","motivo_especifico":"","periodo_aquisitivo":"2024\/2025","gestor_solicitante":"RAFAEL.COELHO","gestor_setor":"CRH","anexo_atual":"","anexos_removidos":"[]"} - FILES: []
2026-05-21 15:22:01 - Action: create - POST: {"action":"create","id_funcionario":"192","id":"","data_inicio":"2026-05-21","data_fim":"2026-05-21","observacao":"Compensou, a pedido da coordena\u00e7\u00e3o, nos dias 03\/04 (tarde) e 10\/04 (tarde).","tipo_afastamento":"outros","motivo_especifico":"Compensa\u00e7\u00e3o de Hor\u00e1rio de Trabalho","periodo_aquisitivo":"","gestor_solicitante":"DORIELLA.CODAPA","gestor_setor":"CODAPA","anexo_atual":"","anexos_removidos":"[]"} - FILES: []
2026-05-21 15:23:14 - Action: create - POST: {"action":"create","id_funcionario":"192","id":"","data_inicio":"2026-05-22","data_fim":"2026-05-22","observacao":"Compensou no dia 24\/04. ","tipo_afastamento":"outros","motivo_especifico":"Compensa\u00e7\u00e3o de Hor\u00e1rio de Trabalho","periodo_aquisitivo":"","gestor_solicitante":"DORIELLA.CODAPA","gestor_setor":"CODAPA","anexo_atual":"","anexos_removidos":"[]"} - FILES: []
2026-05-21 15:24:11 - Action: create - POST: {"action":"create","id_funcionario":"192","id":"","data_inicio":"2026-05-25","data_fim":"2026-05-25","observacao":"Compensou no dia 08\/05 tarde e 15\/05 tarde. ","tipo_afastamento":"outros","motivo_especifico":"Compensa\u00e7\u00e3o de Hor\u00e1rio de Trabalho","periodo_aquisitivo":"","gestor_solicitante":"DORIELLA.CODAPA","gestor_setor":"CODAPA","anexo_atual":"","anexos_removidos":"[]"} - FILES: []
2026-05-21 15:27:33 - Action: create - POST: {"action":"create","id_funcionario":"284","id":"","data_inicio":"2026-07-08","data_fim":"2026-07-08","observacao":"Audi\u00eancia agendada para essa data","tipo_afastamento":"audiencia","motivo_especifico":"","periodo_aquisitivo":"","gestor_solicitante":"DORIELLA.CODAPA","gestor_setor":"CODAPA","anexo_atual":"","anexos_removidos":"[]"} - FILES: []
2026-05-21 15:55:01 - Action: create - POST: {"action":"create","id_funcionario":"1014","id":"","data_inicio":"2026-01-05","data_fim":"2026-02-03","observacao":"","tipo_afastamento":"ferias","motivo_especifico":"","periodo_aquisitivo":"2024\/2025","gestor_solicitante":"RAFAEL.COELHO","gestor_setor":"CRH","anexo_atual":"","anexos_removidos":"[]"} - FILES: []
2026-05-21 16:38:17 - Action: create - POST: {"action":"create","id_funcionario":"4","id":"","data_inicio":"2020-05-01","data_fim":"2020-05-30","observacao":"","tipo_afastamento":"ferias","motivo_especifico":"","periodo_aquisitivo":"2019\/2020","gestor_solicitante":"JACIRA.CRH","gestor_setor":"CRH","anexo_atual":"","anexos_removidos":"[]"} - FILES: []
2026-05-21 16:38:17 - Action: create - POST: {"action":"create","id_funcionario":"4","id":"","data_inicio":"2020-05-01","data_fim":"2020-05-30","observacao":"","tipo_afastamento":"ferias","motivo_especifico":"","periodo_aquisitivo":"2019\/2020","gestor_solicitante":"JACIRA.CRH","gestor_setor":"CRH","anexo_atual":"","anexos_removidos":"[]"} - FILES: []
2026-05-22 08:17:37 - Action: create - POST: {"action":"create","id_funcionario":"303","id":"","data_inicio":"2026-05-18","data_fim":"2026-05-18","observacao":"Filha doente com gripe. Levei ao m\u00e9dico, segue o atestado. Coordena\u00e7\u00e3o: apresentou o atestado em papel, pois quando ela anexou s\u00f3 aparece erro. Entregou ao RH. ","tipo_afastamento":"saude","motivo_especifico":"","periodo_aquisitivo":"","gestor_solicitante":"DORIELLA.CODAPA","gestor_setor":"CODAPA","anexo_atual":"[\"uploads\\\/comunicados\\\/comunicado_6a103a50b49cd.pdf\"]","anexos_removidos":"[]"} - FILES: []
2026-05-22 08:38:23 - Action: create - POST: {"action":"create","id_funcionario":"598","id":"","data_inicio":"2026-05-21","data_fim":"2026-05-22","observacao":"A servidora encontra-se afastada por motivos de sa\u00fade.","tipo_afastamento":"saude","motivo_especifico":"","periodo_aquisitivo":"","gestor_solicitante":"ANA.CODAM","gestor_setor":"CODAM","anexo_atual":"","anexos_removidos":"[]"} - FILES: {"anexo":{"name":["WhatsApp Image 2026-05-22 at 08.33.41.jpeg"],"full_path":["WhatsApp Image 2026-05-22 at 08.33.41.jpeg"],"type":["image\/jpeg"],"tmp_name":["C:\\xampp\\tmp\\php5812.tmp"],"error":[0],"size":[89757]}}
2026-05-22 08:50:51 - Action: create - POST: {"action":"create","id_funcionario":"983","id":"","data_inicio":"2026-05-20","data_fim":"2026-05-22","observacao":"o servidor est\u00e1 afastado por motivos de sa\u00fade","tipo_afastamento":"saude","motivo_especifico":"","periodo_aquisitivo":"","gestor_solicitante":"ANA.CODAM","gestor_setor":"CODAM","anexo_atual":"","anexos_removidos":"[]"} - FILES: {"anexo":{"name":["atestado caio.jpeg"],"full_path":["atestado caio.jpeg"],"type":["image\/jpeg"],"tmp_name":["C:\\xampp\\tmp\\phpC1F3.tmp"],"error":[0],"size":[115695]}}
2026-05-22 14:25:07 - Action: create - POST: {"action":"create","id_funcionario":"263","id":"","data_inicio":"2025-08-04","data_fim":"2025-08-04","observacao":"","tipo_afastamento":"folga eleitoral","motivo_especifico":"","periodo_aquisitivo":"Elei\u00e7\u00f5es 2022","gestor_solicitante":"JACIRA.CRH","gestor_setor":"CRH","anexo_atual":"","anexos_removidos":"[]"} - FILES: []
2026-05-22 14:25:55 - Action: create - POST: {"action":"create","id_funcionario":"263","id":"","data_inicio":"2025-08-06","data_fim":"2025-08-07","observacao":"","tipo_afastamento":"folga eleitoral","motivo_especifico":"","periodo_aquisitivo":"Elei\u00e7\u00f5es 2022","gestor_solicitante":"JACIRA.CRH","gestor_setor":"CRH","anexo_atual":"","anexos_removidos":"[]"} - FILES: []
2026-05-22 14:26:30 - Action: create - POST: {"action":"create","id_funcionario":"263","id":"","data_inicio":"2025-08-28","data_fim":"2025-08-29","observacao":"","tipo_afastamento":"folga eleitoral","motivo_especifico":"","periodo_aquisitivo":"Elei\u00e7\u00f5es 2022","gestor_solicitante":"JACIRA.CRH","gestor_setor":"CRH","anexo_atual":"","anexos_removidos":"[]"} - FILES: []
2026-05-22 14:27:53 - Action: create - POST: {"action":"create","id_funcionario":"263","id":"","data_inicio":"2026-05-08","data_fim":"2026-05-08","observacao":"","tipo_afastamento":"folga eleitoral","motivo_especifico":"","periodo_aquisitivo":"Elei\u00e7\u00f5es 2022","gestor_solicitante":"JACIRA.CRH","gestor_setor":"CRH","anexo_atual":"","anexos_removidos":"[]"} - FILES: []
2026-05-22 14:28:20 - Action: create - POST: {"action":"create","id_funcionario":"263","id":"","data_inicio":"2026-05-11","data_fim":"2026-05-11","observacao":"","tipo_afastamento":"folga eleitoral","motivo_especifico":"","periodo_aquisitivo":"Elei\u00e7\u00f5es 2022","gestor_solicitante":"JACIRA.CRH","gestor_setor":"CRH","anexo_atual":"","anexos_removidos":"[]"} - FILES: []
2026-05-22 14:35:48 - Action: update - POST: {"action":"update","id_funcionario":"193","id":"89","data_inicio":"2026-05-14","data_fim":"2026-05-15","observacao":"Folgas Eleitorais referente ao pleito de 2024","tipo_afastamento":"folga eleitoral","motivo_especifico":"","periodo_aquisitivo":"Elei\u00e7\u00f5es 2024","anexo_atual":"","anexos_removidos":"[]"} - FILES: []
2026-05-22 15:05:38 - Action: create - POST: {"action":"create","id_funcionario":"193","id":"","data_inicio":"2026-05-07","data_fim":"2026-05-08","observacao":"","tipo_afastamento":"folga eleitoral","motivo_especifico":"","periodo_aquisitivo":"Elei\u00e7\u00f5es 2024","gestor_solicitante":"JACIRA.CRH","gestor_setor":"CRH","anexo_atual":"","anexos_removidos":"[]"} - FILES: []
2026-05-22 15:06:05 - Action: create - POST: {"action":"create","id_funcionario":"193","id":"","data_inicio":"2026-05-14","data_fim":"2026-05-15","observacao":"","tipo_afastamento":"folga eleitoral","motivo_especifico":"","periodo_aquisitivo":"Elei\u00e7\u00f5es 2024","gestor_solicitante":"JACIRA.CRH","gestor_setor":"CRH","anexo_atual":"","anexos_removidos":"[]"} - FILES: []
2026-05-22 15:06:51 - Action: create - POST: {"action":"create","id_funcionario":"193","id":"","data_inicio":"2025-09-26","data_fim":"2025-09-26","observacao":"","tipo_afastamento":"folga eleitoral","motivo_especifico":"","periodo_aquisitivo":"Elei\u00e7\u00f5es 2024","gestor_solicitante":"JACIRA.CRH","gestor_setor":"CRH","anexo_atual":"","anexos_removidos":"[]"} - FILES: []
2026-05-25 09:31:44 - Action: create - POST: {"action":"create","id_funcionario":"916","id":"","data_inicio":"2025-11-18","data_fim":"2025-11-27","observacao":"10 dias","tipo_afastamento":"ferias","motivo_especifico":"","periodo_aquisitivo":"2025\/2026","gestor_solicitante":"zuleide.crh","gestor_setor":"CRH","anexo_atual":"","anexos_removidos":"[]"} - FILES: []
2026-05-25 09:38:49 - Action: create - POST: {"action":"create","id_funcionario":"916","id":"","data_inicio":"2026-01-15","data_fim":"2026-01-24","observacao":"10 dias","tipo_afastamento":"ferias","motivo_especifico":"","periodo_aquisitivo":"2025\/2026","gestor_solicitante":"zuleide.crh","gestor_setor":"CRH","anexo_atual":"","anexos_removidos":"[]"} - FILES: []
2026-05-25 09:54:17 - Action: create - POST: {"action":"create","id_funcionario":"916","id":"","data_inicio":"2026-05-11","data_fim":"2026-05-20","observacao":"","tipo_afastamento":"ferias","motivo_especifico":"","periodo_aquisitivo":"2025\/2026","gestor_solicitante":"zuleide.crh","gestor_setor":"CRH","anexo_atual":"","anexos_removidos":"[]"} - FILES: []
2026-05-25 10:27:02 - Action: update - POST: {"action":"update","id_funcionario":"4","id":"165","data_inicio":"2026-06-22","data_fim":"2026-06-23","observacao":"","tipo_afastamento":"ferias","motivo_especifico":"","periodo_aquisitivo":"2020\/2021","anexo_atual":"","anexos_removidos":"[]"} - FILES: []
2026-05-25 11:05:28 - Action: create - POST: {"action":"create","id_funcionario":"4","id":"","data_inicio":"2026-06-01","data_fim":"2026-06-15","observacao":"","tipo_afastamento":"ferias","motivo_especifico":"","periodo_aquisitivo":"2020\/2021","gestor_solicitante":"suporte","gestor_setor":"","anexo_atual":"","anexos_removidos":"[]"} - FILES: []
2026-05-25 11:05:48 - Action: update - POST: {"action":"update","id_funcionario":"4","id":"168","data_inicio":"2026-06-01","data_fim":"2026-06-14","observacao":"","tipo_afastamento":"ferias","motivo_especifico":"","periodo_aquisitivo":"2020\/2021","anexo_atual":"","anexos_removidos":"[]"} - FILES: []
2026-05-25 11:05:48 - Action: update - ID: 168 - Input: {"action":"update","id_funcionario":"4","id":"168","data_inicio":"2026-06-01","data_fim":"2026-06-14","observacao":"","tipo_afastamento":"ferias","motivo_especifico":"","periodo_aquisitivo":"2020\/2021","anexo_atual":"","anexos_removidos":"[]"}
  -> Registro antigo carregado. Status: deferido, Tipo: ferias, PeriodoOld: '2020/2021', isFerias: true
  -> Restituindo provisoriamente 15 dia(s) ao período '2020/2021' do funcionário 4
  -> Sucesso: Devolvidos 15 dia(s) ao período antigo '2020/2021'.
  -> Registro de afastamento atualizado no banco de dados.
  -> Verificando nova dedução: newStatus: deferido, newTipo: ferias, periodoNew: '2020/2021', newIsFerias: true
  -> Deduzindo 14 dia(s) do período '2020/2021' do funcionário 4
  -> Sucesso total: Abatidos todos os 14 dia(s) de férias no período '2020/2021'.
2026-05-25 11:06:13 - Action: update - POST: {"action":"update","id_funcionario":"4","id":"168","data_inicio":"2026-06-01","data_fim":"2026-06-16","observacao":"","tipo_afastamento":"ferias","motivo_especifico":"","periodo_aquisitivo":"2020\/2021","anexo_atual":"","anexos_removidos":"[]"} - FILES: []
2026-05-25 11:06:13 - Action: update - ID: 168 - Input: {"action":"update","id_funcionario":"4","id":"168","data_inicio":"2026-06-01","data_fim":"2026-06-16","observacao":"","tipo_afastamento":"ferias","motivo_especifico":"","periodo_aquisitivo":"2020\/2021","anexo_atual":"","anexos_removidos":"[]"}
  -> Registro antigo carregado. Status: deferido, Tipo: ferias, PeriodoOld: '2020/2021', isFerias: true
  -> Restituindo provisoriamente 14 dia(s) ao período '2020/2021' do funcionário 4
  -> Sucesso: Devolvidos 14 dia(s) ao período antigo '2020/2021'.
  -> Registro de afastamento atualizado no banco de dados.
  -> Verificando nova dedução: newStatus: deferido, newTipo: ferias, periodoNew: '2020/2021', newIsFerias: true
  -> Deduzindo 16 dia(s) do período '2020/2021' do funcionário 4
  -> Sucesso total: Abatidos todos os 16 dia(s) de férias no período '2020/2021'.
2026-05-25 11:08:19 - Action: update - POST: {"action":"update","id_funcionario":"4","id":"168","data_inicio":"2026-06-01","data_fim":"2026-06-20","observacao":"","tipo_afastamento":"ferias","motivo_especifico":"","periodo_aquisitivo":"2020\/2021","anexo_atual":"","anexos_removidos":"[]"} - FILES: []
2026-05-25 11:08:19 - Action: update - ID: 168 - Input: {"action":"update","id_funcionario":"4","id":"168","data_inicio":"2026-06-01","data_fim":"2026-06-20","observacao":"","tipo_afastamento":"ferias","motivo_especifico":"","periodo_aquisitivo":"2020\/2021","anexo_atual":"","anexos_removidos":"[]"}
  -> Registro antigo carregado. Status: deferido, Tipo: ferias, PeriodoOld: '2020/2021', isFerias: true
  -> Restituindo provisoriamente 16 dia(s) ao período '2020/2021' do funcionário 4
  -> Sucesso: Devolvidos 16 dia(s) ao período antigo '2020/2021'.
  -> Registro de afastamento atualizado no banco de dados.
  -> Verificando nova dedução: newStatus: deferido, newTipo: ferias, periodoNew: '2020/2021', newIsFerias: true
  -> Deduzindo 20 dia(s) do período '2020/2021' do funcionário 4
  -> Sucesso total: Abatidos todos os 20 dia(s) de férias no período '2020/2021'.
2026-05-25 11:08:30 - Action: delete - ID: 168
  -> Registro encontrado: {"id":168,"id_funcionario":4,"data_inicio":"2026-06-01","data_fim":"2026-06-20","observacao":"","created_at":"2026-05-25 11:05:27.88324","updated_at":"2026-05-25 11:08:19.049335","tipo_afastamento":"ferias","motivo_especifico":"","anexo":null,"status":"deferido","motivo_indeferimento":null,"setor_solicitante":null,"gestor_solicitante":"suporte","periodo_aquisitivo":"2020\/2021","gestor_setor":""}
  -> Validando: Status = 'deferido', Tipo = 'ferias', isFerias = true
  -> Processando Restituição: FuncID = 4, PeriodoAlvo = '2020/2021'
  -> Dias calculados para gozo: 20
  -> Periodos atuais do funcionário: [{"periodo":"2018\/2019","dias":"0","status":"quitado","operador":"suporte"},{"periodo":"2019\/2020","dias":"0","status":"quitado","operador":"Sistema"},{"periodo":"2020\/2021","dias":10,"status":"aberto","operador":"Sistema"}]
  -> Encontrado Período: '2020/2021'. Dias antigos: 10, Dias novos: 30
  -> Sucesso: Saldo de férias atualizado no banco.
  -> Registro de afastamento 168 excluído fisicamente do banco.
2026-05-25 11:08:49 - Action: create - POST: {"action":"create","id_funcionario":"4","id":"","data_inicio":"2026-06-15","data_fim":"2026-06-30","observacao":"","tipo_afastamento":"ferias","motivo_especifico":"","periodo_aquisitivo":"2020\/2021","gestor_solicitante":"RAFAEL.COELHO","gestor_setor":"CRH","anexo_atual":"","anexos_removidos":"[]"} - FILES: []
2026-05-25 11:09:27 - Action: delete - ID: 169
  -> Registro encontrado: {"id":169,"id_funcionario":4,"data_inicio":"2026-06-15","data_fim":"2026-06-30","observacao":"","created_at":"2026-05-25 11:08:49.478632","updated_at":"2026-05-25 11:08:58.316409","tipo_afastamento":"ferias","motivo_especifico":"","anexo":null,"status":"deferido","motivo_indeferimento":null,"setor_solicitante":null,"gestor_solicitante":"RAFAEL.COELHO","periodo_aquisitivo":"2020\/2021","gestor_setor":"CRH"}
  -> Validando: Status = 'deferido', Tipo = 'ferias', isFerias = true
  -> Processando Restituição: FuncID = 4, PeriodoAlvo = '2020/2021'
  -> Dias calculados para gozo: 16
  -> Periodos atuais do funcionário: [{"periodo":"2018\/2019","dias":"0","status":"quitado","operador":"suporte"},{"periodo":"2019\/2020","dias":"0","status":"quitado","operador":"Sistema"},{"periodo":"2020\/2021","dias":14,"status":"aberto","operador":"Sistema"}]
  -> Encontrado Período: '2020/2021'. Dias antigos: 14, Dias novos: 30
  -> Sucesso: Saldo de férias atualizado no banco.
  -> Registro de afastamento 169 excluído fisicamente do banco.
2026-05-25 14:40:18 - Action: create - POST: {"action":"create","id_funcionario":"957","id":"","data_inicio":"2026-05-20","data_fim":"2026-06-03","observacao":"","tipo_afastamento":"ferias","motivo_especifico":"","periodo_aquisitivo":"2025\/2026","gestor_solicitante":"zuleide.crh","gestor_setor":"CRH","anexo_atual":"","anexos_removidos":"[]"} - FILES: []
2026-05-25 15:37:00 - Action: create - POST: {"action":"create","id_funcionario":"170","id":"","data_inicio":"2026-08-03","data_fim":"2026-08-17","observacao":"","tipo_afastamento":"ferias","motivo_especifico":"","periodo_aquisitivo":"2024\/2025","gestor_solicitante":"JACIRA.CRH","gestor_setor":"CRH","anexo_atual":"","anexos_removidos":"[]"} - FILES: []
2026-05-25 16:21:22 - Action: create - POST: {"action":"create","id_funcionario":"980","id":"","data_inicio":"2026-05-21","data_fim":"2026-05-22","observacao":"atestado","tipo_afastamento":"saude","motivo_especifico":"","periodo_aquisitivo":"","gestor_solicitante":"DORIELLA.CODAPA","gestor_setor":"CODAPA","anexo_atual":"","anexos_removidos":"[]"} - FILES: {"anexo":{"name":["atestado josemary.pdf"],"full_path":["atestado josemary.pdf"],"type":["application\/pdf"],"tmp_name":["C:\\xampp\\tmp\\php5204.tmp"],"error":[0],"size":[1120020]}}
2026-05-26 11:14:55 - Action: create - POST: {"action":"create","id_funcionario":"625","id":"","data_inicio":"2026-05-26","data_fim":"2026-05-26","observacao":"Pela manh\u00e3 acompanhei meu pai em consulta m\u00e9dica","tipo_afastamento":"saude","motivo_especifico":"","periodo_aquisitivo":"","gestor_solicitante":"DORIELLA.CODAPA","gestor_setor":"CODAPA","anexo_atual":"","anexos_removidos":"[]"} - FILES: []
